// Jest Snapshot v1, https://goo.gl/fbAQLP

exports[`Digits should render the component 1`] = `
<div>
  <styled.ul
    guesses="abc"
  >
    <li
      className="digit"
      disabled={true}
      key="a"
    >
      a
    </li>
    <li
      className="digit"
      disabled={true}
      key="b"
    >
      b
    </li>
    <li
      className="digit"
      disabled={true}
      key="c"
    >
      c
    </li>
    <li
      className="digit"
      disabled={false}
      key="d"
    >
      d
    </li>
    <li
      className="digit"
      disabled={false}
      key="e"
    >
      e
    </li>
    <li
      className="digit"
      disabled={false}
      key="f"
    >
      f
    </li>
    <li
      className="digit"
      disabled={false}
      key="g"
    >
      g
    </li>
    <li
      className="digit"
      disabled={false}
      key="h"
    >
      h
    </li>
    <li
      className="digit"
      disabled={false}
      key="i"
    >
      i
    </li>
    <li
      className="digit"
      disabled={false}
      key="j"
    >
      j
    </li>
    <li
      className="digit"
      disabled={false}
      key="k"
    >
      k
    </li>
    <li
      className="digit"
      disabled={false}
      key="l"
    >
      l
    </li>
    <li
      className="digit"
      disabled={false}
      key="m"
    >
      m
    </li>
    <li
      className="digit"
      disabled={false}
      key="n"
    >
      n
    </li>
    <li
      className="digit"
      disabled={false}
      key="o"
    >
      o
    </li>
    <li
      className="digit"
      disabled={false}
      key="p"
    >
      p
    </li>
    <li
      className="digit"
      disabled={false}
      key="q"
    >
      q
    </li>
    <li
      className="digit"
      disabled={false}
      key="r"
    >
      r
    </li>
    <li
      className="digit"
      disabled={false}
      key="s"
    >
      s
    </li>
    <li
      className="digit"
      disabled={false}
      key="t"
    >
      t
    </li>
    <li
      className="digit"
      disabled={false}
      key="u"
    >
      u
    </li>
    <li
      className="digit"
      disabled={false}
      key="v"
    >
      v
    </li>
    <li
      className="digit"
      disabled={false}
      key="w"
    >
      w
    </li>
    <li
      className="digit"
      disabled={false}
      key="x"
    >
      x
    </li>
    <li
      className="digit"
      disabled={false}
      key="y"
    >
      y
    </li>
    <li
      className="digit"
      disabled={false}
      key="z"
    >
      z
    </li>
  </styled.ul>
  <styled.ul
    guesses="abc"
  >
    <li
      className="digit"
      disabled={false}
      key="0"
    >
      0
    </li>
    <li
      className="digit"
      disabled={false}
      key="1"
    >
      1
    </li>
    <li
      className="digit"
      disabled={false}
      key="2"
    >
      2
    </li>
    <li
      className="digit"
      disabled={false}
      key="3"
    >
      3
    </li>
    <li
      className="digit"
      disabled={false}
      key="4"
    >
      4
    </li>
    <li
      className="digit"
      disabled={false}
      key="5"
    >
      5
    </li>
    <li
      className="digit"
      disabled={false}
      key="6"
    >
      6
    </li>
    <li
      className="digit"
      disabled={false}
      key="7"
    >
      7
    </li>
    <li
      className="digit"
      disabled={false}
      key="8"
    >
      8
    </li>
    <li
      className="digit"
      disabled={false}
      key="9"
    >
      9
    </li>
  </styled.ul>
</div>
`;
